#
# There is insufficient memory for the Java Runtime Environment to continue.
# Native memory allocation (malloc) failed to allocate 1730584 bytes. Error detail: Chunk::new
# Possible reasons:
#   The system is out of physical RAM or swap space
#   This process is running with CompressedOops enabled, and the Java Heap may be blocking the growth of the native heap
# Possible solutions:
#   Reduce memory load on the system
#   Increase physical memory or swap space
#   Check if swap backing store is full
#   Decrease Java heap size (-Xmx/-Xms)
#   Decrease number of Java threads
#   Decrease Java thread stack sizes (-Xss)
#   Set larger code cache with -XX:ReservedCodeCacheSize=
#   JVM is running with Unscaled Compressed Oops mode in which the Java heap is
#     placed in the first 4GB address space. The Java Heap base address is the
#     maximum limit for the native heap growth. Please use -XX:HeapBaseMinAddress
#     to set the Java Heap base and to place the Java Heap above 4GB virtual address.
# This output file may be truncated or incomplete.
#
#  Out of Memory Error (arena.cpp:186), pid=21492, tid=20276
#
# JRE version: OpenJDK Runtime Environment Temurin-25.0.4.1+1 (25.0.4.1+1) (build 25.0.4.1+1-LTS)
# Java VM: OpenJDK 64-Bit Server VM Temurin-25.0.4.1+1 (25.0.4.1+1-LTS, mixed mode, sharing, tiered, compressed oops, compressed class ptrs, g1 gc, windows-amd64)
# No core dump will be written. Minidumps are not enabled by default on client versions of Windows
#

---------------  S U M M A R Y ------------

Command Line: -Dmaven.home=EMBEDDED -Dclassworlds.conf=C:\Users\ELCOT\Documents\workspace-spring-tools-for-eclipse-5.4.0.RELEASE\.metadata\.plugins\org.eclipse.m2e.launching\launches\m2conf6996824669649174904.tmp -Dmaven.multiModuleProjectDirectory=D:\DEPLOY\backend -Dm2e.build.project.data.socket.port=60173 -Dfile.encoding=UTF-8 -Dstdout.encoding=UTF-8 -Dstderr.encoding=UTF-8 -XX:+ShowCodeDetailsInExceptionMessages org.codehaus.plexus.classworlds.launcher.Launcher -B -Dstyle.color=always clean

Host: AMD Ryzen 3 7320U with Radeon Graphics         , 8 cores, 7G,  Windows 11 , 64 bit Build 26100 (10.0.26100.9444)
Time: Fri Oct  2 20:45:48 2026 India Standard Time elapsed time: 4.958833 seconds (0d 0h 0m 4s)

---------------  T H R E A D  ---------------

Current thread (0x000002adf3939760):  JavaThread "C2 CompilerThread0" daemon [_thread_in_native, id=20276, stack(0x000000eb38900000,0x000000eb38a00000) (1024K)]


Current CompileTask:
C2:4959 3683       4       org.apache.maven.model.ConfigurationContainer::setLocation (156 bytes)

Stack: [0x000000eb38900000,0x000000eb38a00000]
Native frames: (J=compiled Java code, j=interpreted, Vv=VM code, C=native code)
V  [jvm.dll+0x7aba79]  (no source info available)
V  [jvm.dll+0x775a3d]  (no source info available)
V  [jvm.dll+0x9fb9ed]  (no source info available)
V  [jvm.dll+0x9fdfe1]  (no source info available)
V  [jvm.dll+0x9fe6f3]  (no source info available)
V  [jvm.dll+0x2fdb36]  (no source info available)
V  [jvm.dll+0x111936]  (no source info available)
V  [jvm.dll+0x111c5e]  (no source info available)
V  [jvm.dll+0x1a08d2]  (no source info available)
V  [jvm.dll+0x3b7292]  (no source info available)
V  [jvm.dll+0x7b13fc]  (no source info available)
V  [jvm.dll+0x2c0ef7]  (no source info available)
V  [jvm.dll+0x2bfebf]  (no source info available)
V  [jvm.dll+0x237a30]  (no source info available)
V  [jvm.dll+0x2cffb6]  (no source info available)
V  [jvm.dll+0x2ce23a]  (no source info available)
V  [jvm.dll+0x49131e]  (no source info available)
V  [jvm.dll+0x99cb1d]  (no source info available)
V  [jvm.dll+0x7aa025]  (no source info available)
C  [ucrtbase.dll+0x2cd30]  (no source info available)
C  [KERNEL32.DLL+0x2cd87]  (no source info available)
C  [ntdll.dll+0xacaec]  (no source info available)

Lock stack of current Java thread (top to bottom):


---------------  P R O C E S S  ---------------

Threads class SMR info:
_java_thread_list=0x000002adf3c8ceb0, length=11, elements={
0x000002add969cf50, 0x000002adf3922180, 0x000002adf3923600, 0x000002adf3926dd0,
0x000002adf3927990, 0x000002adf3929d60, 0x000002adf392e040, 0x000002adf3939760,
0x000002adf393f030, 0x000002adf39eee50, 0x000002adf39fd8c0
}

Java Threads: ( => current thread )
  0x000002add969cf50 JavaThread "main"                              [_thread_in_vm, id=22104, stack(0x000000eb37b00000,0x000000eb37c00000) (1024K)]
  0x000002adf3922180 JavaThread "Reference Handler"          daemon [_thread_blocked, id=20516, stack(0x000000eb38300000,0x000000eb38400000) (1024K)]
  0x000002adf3923600 JavaThread "Finalizer"                  daemon [_thread_blocked, id=7864, stack(0x000000eb38400000,0x000000eb38500000) (1024K)]
  0x000002adf3926dd0 JavaThread "Signal Dispatcher"          daemon [_thread_blocked, id=21456, stack(0x000000eb38500000,0x000000eb38600000) (1024K)]
  0x000002adf3927990 JavaThread "Attach Listener"            daemon [_thread_blocked, id=7016, stack(0x000000eb38600000,0x000000eb38700000) (1024K)]
  0x000002adf3929d60 JavaThread "Service Thread"             daemon [_thread_blocked, id=10332, stack(0x000000eb38700000,0x000000eb38800000) (1024K)]
  0x000002adf392e040 JavaThread "Monitor Deflation Thread"   daemon [_thread_blocked, id=23212, stack(0x000000eb38800000,0x000000eb38900000) (1024K)]
=>0x000002adf3939760 JavaThread "C2 CompilerThread0"         daemon [_thread_in_native, id=20276, stack(0x000000eb38900000,0x000000eb38a00000) (1024K)]
  0x000002adf393f030 JavaThread "C1 CompilerThread0"         daemon [_thread_blocked, id=7644, stack(0x000000eb38a00000,0x000000eb38b00000) (1024K)]
  0x000002adf39eee50 JavaThread "Notification Thread"        daemon [_thread_blocked, id=1628, stack(0x000000eb38b00000,0x000000eb38c00000) (1024K)]
  0x000002adf39fd8c0 JavaThread "Common-Cleaner"             daemon [_thread_blocked, id=22604, stack(0x000000eb38c00000,0x000000eb38d00000) (1024K)]
Total: 11

Other Threads:
  0x000002adf390ef30 VMThread "VM Thread"                           [id=10564, stack(0x000000eb38200000,0x000000eb38300000) (1024K)]
  0x000002adf38fce80 WatcherThread "VM Periodic Task Thread"        [id=16944, stack(0x000000eb38100000,0x000000eb38200000) (1024K)]
  0x000002addbafcaf0 WorkerThread "GC Thread#0"                     [id=15788, stack(0x000000eb37c00000,0x000000eb37d00000) (1024K)]
  0x000002adf8b1f6f0 WorkerThread "GC Thread#1"                     [id=4864, stack(0x000000eb38d00000,0x000000eb38e00000) (1024K)]
  0x000002adf8af22a0 WorkerThread "GC Thread#2"                     [id=17200, stack(0x000000eb38e00000,0x000000eb38f00000) (1024K)]
  0x000002adf8af36e0 WorkerThread "GC Thread#3"                     [id=10876, stack(0x000000eb38f00000,0x000000eb39000000) (1024K)]
  0x000002adf8af65f0 WorkerThread "GC Thread#4"                     [id=5468, stack(0x000000eb39000000,0x000000eb39100000) (1024K)]
  0x000002adf8af72e0 WorkerThread "GC Thread#5"                     [id=13268, stack(0x000000eb39100000,0x000000eb39200000) (1024K)]
  0x000002adf8af54b0 WorkerThread "GC Thread#6"                     [id=21144, stack(0x000000eb39200000,0x000000eb39300000) (1024K)]
  0x000002adf8af61a0 WorkerThread "GC Thread#7"                     [id=21952, stack(0x000000eb39300000,0x000000eb39400000) (1024K)]
  0x000002addbb135e0 ConcurrentGCThread "G1 Main Marker"            [id=1520, stack(0x000000eb37d00000,0x000000eb37e00000) (1024K)]
  0x000002addbb158e0 WorkerThread "G1 Conc#0"                       [id=8940, stack(0x000000eb37e00000,0x000000eb37f00000) (1024K)]
  0x000002addbb5e230 ConcurrentGCThread "G1 Refine#0"               [id=9780, stack(0x000000eb37f00000,0x000000eb38000000) (1024K)]
  0x000002adf37c50b0 ConcurrentGCThread "G1 Service"                [id=13980, stack(0x000000eb38000000,0x000000eb38100000) (1024K)]
Total: 14

Threads with active compile tasks:
C2 CompilerThread0  5206 3683       4       org.apache.maven.model.ConfigurationContainer::setLocation (156 bytes)
Total: 1

VM state: not at safepoint (normal execution)

VM Mutex/Monitor currently owned by a thread: None

Heap address: 0x000000008ca00000, size: 1846 MB, Compressed Oops mode: 32-bit

CDS archive(s) mapped at: [0x0000000020000000-0x0000000020db0000-0x0000000020db0000), size 14352384, SharedBaseAddress: 0x0000000020000000, ArchiveRelocationMode: 1.
Compressed class space mapped at: 0x0000000021000000-0x0000000061000000, reserved size: 1073741824
UseCompressedClassPointers 1, UseCompactObjectHeaders 0
Narrow klass pointer bits 32, Max shift 3
Narrow klass base: 0x0000000020000000, Narrow klass shift: 0
Encoding Range: [0x0000000020000000 - 0x0000000120000000), (4294967296 bytes)
Klass Range:    [0x0000000020010000 - 0x0000000061000000), (1090453504 bytes)
Klass ID Range:  [65536 - 1090519033) (1090453497)
Protection zone: [0x0000000020000000 - 0x0000000020010000), (65536 bytes)

GC Precious Log:
 CardTable entry size: 512
 Card Set container configuration: InlinePtr #cards 5 size 8 Array Of Cards #cards 10 size 36 Howl #buckets 4 coarsen threshold 1843 Howl Bitmap #cards 512 size 80 coarsen threshold 460 Card regions per heap region 1 cards per card region 2048
 CPUs: 8 total, 8 available
 Memory: 7379M
 Large Page Support: Disabled
 NUMA Support: Disabled
 Compressed Oops: Enabled (32-bit)
 Heap Region Size: 1M
 Heap Min Capacity: 8M
 Heap Initial Capacity: 116M
 Heap Max Capacity: 1846M
 Pre-touch: Disabled
 Parallel Workers: 8
 Concurrent Workers: 2
 Concurrent Refinement Workers: 8
 Periodic GC: Disabled

Heap:
 garbage-first heap   total reserved 1890304K, committed 120832K, used 13451K [0x000000008ca00000, 0x0000000100000000)
  region size 1024K, 9 young (9216K), 6 survivors (6144K)

Heap Regions: E=young(eden), S=young(survivor), O=old, HS=humongous(starts), HC=humongous(continues), CS=collection set, F=free, TAMS=top-at-mark-start, PB=parsable bottom
|   0|0x000000008ca00000, 0x000000008cb00000, 0x000000008cb00000|100%| O|  |TAMS 0x000000008ca00000| PB 0x000000008ca00000| Untracked |  0
|   1|0x000000008cb00000, 0x000000008cc00000, 0x000000008cc00000|100%| O|  |TAMS 0x000000008cb00000| PB 0x000000008cb00000| Untracked |  0
|   2|0x000000008cc00000, 0x000000008cd00000, 0x000000008cd00000|100%| O|  |TAMS 0x000000008cc00000| PB 0x000000008cc00000| Untracked |  0
|   3|0x000000008cd00000, 0x000000008ce00000, 0x000000008ce00000|100%| O|  |TAMS 0x000000008cd00000| PB 0x000000008cd00000| Untracked |  0
|   4|0x000000008ce00000, 0x000000008ce00000, 0x000000008cf00000|  0%| F|  |TAMS 0x000000008ce00000| PB 0x000000008ce00000| Untracked |  0
|   5|0x000000008cf00000, 0x000000008cf00000, 0x000000008d000000|  0%| F|  |TAMS 0x000000008cf00000| PB 0x000000008cf00000| Untracked |  0
|   6|0x000000008d000000, 0x000000008d000000, 0x000000008d100000|  0%| F|  |TAMS 0x000000008d000000| PB 0x000000008d000000| Untracked |  0
|   7|0x000000008d100000, 0x000000008d100000, 0x000000008d200000|  0%| F|  |TAMS 0x000000008d100000| PB 0x000000008d100000| Untracked |  0
|   8|0x000000008d200000, 0x000000008d200000, 0x000000008d300000|  0%| F|  |TAMS 0x000000008d200000| PB 0x000000008d200000| Untracked |  0
|   9|0x000000008d300000, 0x000000008d300000, 0x000000008d400000|  0%| F|  |TAMS 0x000000008d300000| PB 0x000000008d300000| Untracked |  0
|  10|0x000000008d400000, 0x000000008d400000, 0x000000008d500000|  0%| F|  |TAMS 0x000000008d400000| PB 0x000000008d400000| Untracked |  0
|  11|0x000000008d500000, 0x000000008d500000, 0x000000008d600000|  0%| F|  |TAMS 0x000000008d500000| PB 0x000000008d500000| Untracked |  0
|  12|0x000000008d600000, 0x000000008d600000, 0x000000008d700000|  0%| F|  |TAMS 0x000000008d600000| PB 0x000000008d600000| Untracked |  0
|  13|0x000000008d700000, 0x000000008d700000, 0x000000008d800000|  0%| F|  |TAMS 0x000000008d700000| PB 0x000000008d700000| Untracked |  0
|  14|0x000000008d800000, 0x000000008d800000, 0x000000008d900000|  0%| F|  |TAMS 0x000000008d800000| PB 0x000000008d800000| Untracked |  0
|  15|0x000000008d900000, 0x000000008d900000, 0x000000008da00000|  0%| F|  |TAMS 0x000000008d900000| PB 0x000000008d900000| Untracked |  0
|  16|0x000000008da00000, 0x000000008da00000, 0x000000008db00000|  0%| F|  |TAMS 0x000000008da00000| PB 0x000000008da00000| Untracked |  0
|  17|0x000000008db00000, 0x000000008db00000, 0x000000008dc00000|  0%| F|  |TAMS 0x000000008db00000| PB 0x000000008db00000| Untracked |  0
|  18|0x000000008dc00000, 0x000000008dc00000, 0x000000008dd00000|  0%| F|  |TAMS 0x000000008dc00000| PB 0x000000008dc00000| Untracked |  0
|  19|0x000000008dd00000, 0x000000008dd00000, 0x000000008de00000|  0%| F|  |TAMS 0x000000008dd00000| PB 0x000000008dd00000| Untracked |  0
|  20|0x000000008de00000, 0x000000008de00000, 0x000000008df00000|  0%| F|  |TAMS 0x000000008de00000| PB 0x000000008de00000| Untracked |  0
|  21|0x000000008df00000, 0x000000008df00000, 0x000000008e000000|  0%| F|  |TAMS 0x000000008df00000| PB 0x000000008df00000| Untracked |  0
|  22|0x000000008e000000, 0x000000008e000000, 0x000000008e100000|  0%| F|  |TAMS 0x000000008e000000| PB 0x000000008e000000| Untracked |  0
|  23|0x000000008e100000, 0x000000008e100000, 0x000000008e200000|  0%| F|  |TAMS 0x000000008e100000| PB 0x000000008e100000| Untracked |  0
|  24|0x000000008e200000, 0x000000008e200000, 0x000000008e300000|  0%| F|  |TAMS 0x000000008e200000| PB 0x000000008e200000| Untracked |  0
|  25|0x000000008e300000, 0x000000008e300000, 0x000000008e400000|  0%| F|  |TAMS 0x000000008e300000| PB 0x000000008e300000| Untracked |  0
|  26|0x000000008e400000, 0x000000008e400000, 0x000000008e500000|  0%| F|  |TAMS 0x000000008e400000| PB 0x000000008e400000| Untracked |  0
|  27|0x000000008e500000, 0x000000008e500000, 0x000000008e600000|  0%| F|  |TAMS 0x000000008e500000| PB 0x000000008e500000| Untracked |  0
|  28|0x000000008e600000, 0x000000008e600000, 0x000000008e700000|  0%| F|  |TAMS 0x000000008e600000| PB 0x000000008e600000| Untracked |  0
|  29|0x000000008e700000, 0x000000008e700000, 0x000000008e800000|  0%| F|  |TAMS 0x000000008e700000| PB 0x000000008e700000| Untracked |  0
|  30|0x000000008e800000, 0x000000008e800000, 0x000000008e900000|  0%| F|  |TAMS 0x000000008e800000| PB 0x000000008e800000| Untracked |  0
|  31|0x000000008e900000, 0x000000008e900000, 0x000000008ea00000|  0%| F|  |TAMS 0x000000008e900000| PB 0x000000008e900000| Untracked |  0
|  32|0x000000008ea00000, 0x000000008ea00000, 0x000000008eb00000|  0%| F|  |TAMS 0x000000008ea00000| PB 0x000000008ea00000| Untracked |  0
|  33|0x000000008eb00000, 0x000000008eb00000, 0x000000008ec00000|  0%| F|  |TAMS 0x000000008eb00000| PB 0x000000008eb00000| Untracked |  0
|  34|0x000000008ec00000, 0x000000008ec00000, 0x000000008ed00000|  0%| F|  |TAMS 0x000000008ec00000| PB 0x000000008ec00000| Untracked |  0
|  35|0x000000008ed00000, 0x000000008ed00000, 0x000000008ee00000|  0%| F|  |TAMS 0x000000008ed00000| PB 0x000000008ed00000| Untracked |  0
|  36|0x000000008ee00000, 0x000000008ee00000, 0x000000008ef00000|  0%| F|  |TAMS 0x000000008ee00000| PB 0x000000008ee00000| Untracked |  0
|  37|0x000000008ef00000, 0x000000008ef00000, 0x000000008f000000|  0%| F|  |TAMS 0x000000008ef00000| PB 0x000000008ef00000| Untracked |  0
|  38|0x000000008f000000, 0x000000008f000000, 0x000000008f100000|  0%| F|  |TAMS 0x000000008f000000| PB 0x000000008f000000| Untracked |  0
|  39|0x000000008f100000, 0x000000008f100000, 0x000000008f200000|  0%| F|  |TAMS 0x000000008f100000| PB 0x000000008f100000| Untracked |  0
|  40|0x000000008f200000, 0x000000008f200000, 0x000000008f300000|  0%| F|  |TAMS 0x000000008f200000| PB 0x000000008f200000| Untracked |  0
|  41|0x000000008f300000, 0x000000008f300000, 0x000000008f400000|  0%| F|  |TAMS 0x000000008f300000| PB 0x000000008f300000| Untracked |  0
|  42|0x000000008f400000, 0x000000008f400000, 0x000000008f500000|  0%| F|  |TAMS 0x000000008f400000| PB 0x000000008f400000| Untracked |  0
|  43|0x000000008f500000, 0x000000008f500000, 0x000000008f600000|  0%| F|  |TAMS 0x000000008f500000| PB 0x000000008f500000| Untracked |  0
|  44|0x000000008f600000, 0x000000008f600000, 0x000000008f700000|  0%| F|  |TAMS 0x000000008f600000| PB 0x000000008f600000| Untracked |  0
|  45|0x000000008f700000, 0x000000008f700000, 0x000000008f800000|  0%| F|  |TAMS 0x000000008f700000| PB 0x000000008f700000| Untracked |  0
|  46|0x000000008f800000, 0x000000008f800000, 0x000000008f900000|  0%| F|  |TAMS 0x000000008f800000| PB 0x000000008f800000| Untracked |  0
|  47|0x000000008f900000, 0x000000008f900000, 0x000000008fa00000|  0%| F|  |TAMS 0x000000008f900000| PB 0x000000008f900000| Untracked |  0
|  48|0x000000008fa00000, 0x000000008fa00000, 0x000000008fb00000|  0%| F|  |TAMS 0x000000008fa00000| PB 0x000000008fa00000| Untracked |  0
|  49|0x000000008fb00000, 0x000000008fb00000, 0x000000008fc00000|  0%| F|  |TAMS 0x000000008fb00000| PB 0x000000008fb00000| Untracked |  0
|  50|0x000000008fc00000, 0x000000008fc00000, 0x000000008fd00000|  0%| F|  |TAMS 0x000000008fc00000| PB 0x000000008fc00000| Untracked |  0
|  51|0x000000008fd00000, 0x000000008fd00000, 0x000000008fe00000|  0%| F|  |TAMS 0x000000008fd00000| PB 0x000000008fd00000| Untracked |  0
|  52|0x000000008fe00000, 0x000000008fe00000, 0x000000008ff00000|  0%| F|  |TAMS 0x000000008fe00000| PB 0x000000008fe00000| Untracked |  0
|  53|0x000000008ff00000, 0x000000008ff00000, 0x0000000090000000|  0%| F|  |TAMS 0x000000008ff00000| PB 0x000000008ff00000| Untracked |  0
|  54|0x0000000090000000, 0x0000000090000000, 0x0000000090100000|  0%| F|  |TAMS 0x0000000090000000| PB 0x0000000090000000| Untracked |  0
|  55|0x0000000090100000, 0x0000000090200000, 0x0000000090200000|100%| S|CS|TAMS 0x0000000090100000| PB 0x0000000090100000| Complete |  0
|  56|0x0000000090200000, 0x0000000090300000, 0x0000000090300000|100%| S|CS|TAMS 0x0000000090200000| PB 0x0000000090200000| Complete |  0
|  57|0x0000000090300000, 0x0000000090400000, 0x0000000090400000|100%| S|CS|TAMS 0x0000000090300000| PB 0x0000000090300000| Complete |  0
|  58|0x0000000090400000, 0x0000000090500000, 0x0000000090500000|100%| S|CS|TAMS 0x0000000090400000| PB 0x0000000090400000| Complete |  0
|  59|0x0000000090500000, 0x0000000090600000, 0x0000000090600000|100%| S|CS|TAMS 0x0000000090500000| PB 0x0000000090500000| Complete |  0
|  60|0x0000000090600000, 0x0000000090700000, 0x0000000090700000|100%| S|CS|TAMS 0x0000000090600000| PB 0x0000000090600000| Complete |  0
|  61|0x0000000090700000, 0x0000000090700000, 0x0000000090800000|  0%| F|  |TAMS 0x0000000090700000| PB 0x0000000090700000| Untracked |  0
|  62|0x0000000090800000, 0x0000000090800000, 0x0000000090900000|  0%| F|  |TAMS 0x0000000090800000| PB 0x0000000090800000| Untracked |  0
|  63|0x0000000090900000, 0x0000000090900000, 0x0000000090a00000|  0%| F|  |TAMS 0x0000000090900000| PB 0x0000000090900000| Untracked |  0
|  64|0x0000000090a00000, 0x0000000090a00000, 0x0000000090b00000|  0%| F|  |TAMS 0x0000000090a00000| PB 0x0000000090a00000| Untracked |  0
|  65|0x0000000090b00000, 0x0000000090b00000, 0x0000000090c00000|  0%| F|  |TAMS 0x0000000090b00000| PB 0x0000000090b00000| Untracked |  0
|  66|0x0000000090c00000, 0x0000000090c00000, 0x0000000090d00000|  0%| F|  |TAMS 0x0000000090c00000| PB 0x0000000090c00000| Untracked |  0
|  67|0x0000000090d00000, 0x0000000090d00000, 0x0000000090e00000|  0%| F|  |TAMS 0x0000000090d00000| PB 0x0000000090d00000| Untracked |  0
|  68|0x0000000090e00000, 0x0000000090e00000, 0x0000000090f00000|  0%| F|  |TAMS 0x0000000090e00000| PB 0x0000000090e00000| Untracked |  0
|  69|0x0000000090f00000, 0x0000000090f00000, 0x0000000091000000|  0%| F|  |TAMS 0x0000000090f00000| PB 0x0000000090f00000| Untracked |  0
|  70|0x0000000091000000, 0x0000000091000000, 0x0000000091100000|  0%| F|  |TAMS 0x0000000091000000| PB 0x0000000091000000| Untracked |  0
|  71|0x0000000091100000, 0x0000000091100000, 0x0000000091200000|  0%| F|  |TAMS 0x0000000091100000| PB 0x0000000091100000| Untracked |  0
|  72|0x0000000091200000, 0x0000000091200000, 0x0000000091300000|  0%| F|  |TAMS 0x0000000091200000| PB 0x0000000091200000| Untracked |  0
|  73|0x0000000091300000, 0x0000000091300000, 0x0000000091400000|  0%| F|  |TAMS 0x0000000091300000| PB 0x0000000091300000| Untracked |  0
|  74|0x0000000091400000, 0x0000000091400000, 0x0000000091500000|  0%| F|  |TAMS 0x0000000091400000| PB 0x0000000091400000| Untracked |  0
|  75|0x0000000091500000, 0x0000000091500000, 0x0000000091600000|  0%| F|  |TAMS 0x0000000091500000| PB 0x0000000091500000| Untracked |  0
|  76|0x0000000091600000, 0x0000000091600000, 0x0000000091700000|  0%| F|  |TAMS 0x0000000091600000| PB 0x0000000091600000| Untracked |  0
|  77|0x0000000091700000, 0x0000000091700000, 0x0000000091800000|  0%| F|  |TAMS 0x0000000091700000| PB 0x0000000091700000| Untracked |  0
|  78|0x0000000091800000, 0x0000000091800000, 0x0000000091900000|  0%| F|  |TAMS 0x0000000091800000| PB 0x0000000091800000| Untracked |  0
|  79|0x0000000091900000, 0x0000000091900000, 0x0000000091a00000|  0%| F|  |TAMS 0x0000000091900000| PB 0x0000000091900000| Untracked |  0
|  80|0x0000000091a00000, 0x0000000091a00000, 0x0000000091b00000|  0%| F|  |TAMS 0x0000000091a00000| PB 0x0000000091a00000| Untracked |  0
|  81|0x0000000091b00000, 0x0000000091b00000, 0x0000000091c00000|  0%| F|  |TAMS 0x0000000091b00000| PB 0x0000000091b00000| Untracked |  0
|  82|0x0000000091c00000, 0x0000000091c00000, 0x0000000091d00000|  0%| F|  |TAMS 0x0000000091c00000| PB 0x0000000091c00000| Untracked |  0
|  83|0x0000000091d00000, 0x0000000091d00000, 0x0000000091e00000|  0%| F|  |TAMS 0x0000000091d00000| PB 0x0000000091d00000| Untracked |  0
|  84|0x0000000091e00000, 0x0000000091e00000, 0x0000000091f00000|  0%| F|  |TAMS 0x0000000091e00000| PB 0x0000000091e00000| Untracked |  0
|  85|0x0000000091f00000, 0x0000000091f00000, 0x0000000092000000|  0%| F|  |TAMS 0x0000000091f00000| PB 0x0000000091f00000| Untracked |  0
|  86|0x0000000092000000, 0x0000000092000000, 0x0000000092100000|  0%| F|  |TAMS 0x0000000092000000| PB 0x0000000092000000| Untracked |  0
|  87|0x0000000092100000, 0x0000000092100000, 0x0000000092200000|  0%| F|  |TAMS 0x0000000092100000| PB 0x0000000092100000| Untracked |  0
|  88|0x0000000092200000, 0x0000000092200000, 0x0000000092300000|  0%| F|  |TAMS 0x0000000092200000| PB 0x0000000092200000| Untracked |  0
|  89|0x0000000092300000, 0x0000000092300000, 0x0000000092400000|  0%| F|  |TAMS 0x0000000092300000| PB 0x0000000092300000| Untracked |  0
|  90|0x0000000092400000, 0x0000000092400000, 0x0000000092500000|  0%| F|  |TAMS 0x0000000092400000| PB 0x0000000092400000| Untracked |  0
|  91|0x0000000092500000, 0x0000000092500000, 0x0000000092600000|  0%| F|  |TAMS 0x0000000092500000| PB 0x0000000092500000| Untracked |  0
|  92|0x0000000092600000, 0x0000000092600000, 0x0000000092700000|  0%| F|  |TAMS 0x0000000092600000| PB 0x0000000092600000| Untracked |  0
|  93|0x0000000092700000, 0x0000000092700000, 0x0000000092800000|  0%| F|  |TAMS 0x0000000092700000| PB 0x0000000092700000| Untracked |  0
|  94|0x0000000092800000, 0x0000000092800000, 0x0000000092900000|  0%| F|  |TAMS 0x0000000092800000| PB 0x0000000092800000| Untracked |  0
|  95|0x0000000092900000, 0x0000000092900000, 0x0000000092a00000|  0%| F|  |TAMS 0x0000000092900000| PB 0x0000000092900000| Untracked |  0
|  96|0x0000000092a00000, 0x0000000092a00000, 0x0000000092b00000|  0%| F|  |TAMS 0x0000000092a00000| PB 0x0000000092a00000| Untracked |  0
|  97|0x0000000092b00000, 0x0000000092b00000, 0x0000000092c00000|  0%| F|  |TAMS 0x0000000092b00000| PB 0x0000000092b00000| Untracked |  0
|  98|0x0000000092c00000, 0x0000000092c00000, 0x0000000092d00000|  0%| F|  |TAMS 0x0000000092c00000| PB 0x0000000092c00000| Untracked |  0
|  99|0x0000000092d00000, 0x0000000092d00000, 0x0000000092e00000|  0%| F|  |TAMS 0x0000000092d00000| PB 0x0000000092d00000| Untracked |  0
| 100|0x0000000092e00000, 0x0000000092e00000, 0x0000000092f00000|  0%| F|  |TAMS 0x0000000092e00000| PB 0x0000000092e00000| Untracked |  0
| 101|0x0000000092f00000, 0x0000000092f00000, 0x0000000093000000|  0%| F|  |TAMS 0x0000000092f00000| PB 0x0000000092f00000| Untracked |  0
| 102|0x0000000093000000, 0x0000000093000000, 0x0000000093100000|  0%| F|  |TAMS 0x0000000093000000| PB 0x0000000093000000| Untracked |  0
| 103|0x0000000093100000, 0x0000000093100000, 0x0000000093200000|  0%| F|  |TAMS 0x0000000093100000| PB 0x0000000093100000| Untracked |  0
| 104|0x0000000093200000, 0x0000000093200000, 0x0000000093300000|  0%| F|  |TAMS 0x0000000093200000| PB 0x0000000093200000| Untracked |  0
| 105|0x0000000093300000, 0x0000000093300000, 0x0000000093400000|  0%| F|  |TAMS 0x0000000093300000| PB 0x0000000093300000| Untracked |  0
| 106|0x0000000093400000, 0x0000000093400000, 0x0000000093500000|  0%| F|  |TAMS 0x0000000093400000| PB 0x0000000093400000| Untracked |  0
| 107|0x0000000093500000, 0x0000000093500000, 0x0000000093600000|  0%| F|  |TAMS 0x0000000093500000| PB 0x0000000093500000| Untracked |  0
| 108|0x0000000093600000, 0x0000000093600000, 0x0000000093700000|  0%| F|  |TAMS 0x0000000093600000| PB 0x0000000093600000| Untracked |  0
| 109|0x0000000093700000, 0x0000000093700000, 0x0000000093800000|  0%| F|  |TAMS 0x0000000093700000| PB 0x0000000093700000| Untracked |  0
| 110|0x0000000093800000, 0x0000000093800000, 0x0000000093900000|  0%| F|  |TAMS 0x0000000093800000| PB 0x0000000093800000| Untracked |  0
| 111|0x0000000093900000, 0x0000000093900000, 0x0000000093a00000|  0%| F|  |TAMS 0x0000000093900000| PB 0x0000000093900000| Untracked |  0
| 112|0x0000000093a00000, 0x0000000093a00000, 0x0000000093b00000|  0%| F|  |TAMS 0x0000000093a00000| PB 0x0000000093a00000| Untracked |  0
| 113|0x0000000093b00000, 0x0000000093c00000, 0x0000000093c00000|100%| E|  |TAMS 0x0000000093b00000| PB 0x0000000093b00000| Complete |  0
| 114|0x0000000093c00000, 0x0000000093d00000, 0x0000000093d00000|100%| E|CS|TAMS 0x0000000093c00000| PB 0x0000000093c00000| Complete |  0
| 115|0x0000000093d00000, 0x0000000093e00000, 0x0000000093e00000|100%| E|CS|TAMS 0x0000000093d00000| PB 0x0000000093d00000| Complete |  0
|1844|0x00000000ffe00000, 0x00000000fff00000, 0x00000000fff00000|100%| O|  |TAMS 0x00000000ffe00000| PB 0x00000000ffe00000| Untracked |  0
|1845|0x00000000fff00000, 0x00000000fff22d30, 0x0000000100000000| 13%| O|  |TAMS 0x00000000fff00000| PB 0x00000000fff00000| Untracked |  0

Card table byte_map: [0x000002adeeec0000,0x000002adef260000] _byte_map_base: 0x000002adeea5b000

Marking Bits: (CMBitMap*) 0x000002addbafd280
 Bits: [0x000002adef260000, 0x000002adf0f38000)

Polling page: 0x000002add98c0000

Metaspace:
Metaspace        used 15997K, committed 16256K, reserved 1114112K
 class space     used 2002K, committed 2176K, reserved 1048576K

Usage:
  Non-class:     13.67 MB used.
      Class:      1.96 MB used.
       Both:     15.62 MB used.

Virtual space:
  Non-class space:       64.00 MB reserved,      13.75 MB ( 21%) committed,  1 nodes.
      Class space:        1.00 GB reserved,       2.12 MB ( <1%) committed,  1 nodes.
             Both:        1.06 GB reserved,      15.88 MB (  1%) committed. 

Chunk freelists:
   Non-Class:  1.88 MB
       Class:  13.80 MB
        Both:  15.67 MB

MaxMetaspaceSize: unlimited
CompressedClassSpaceSize: 1.00 GB
Initial GC threshold: 21.00 MB
Current GC threshold: 21.00 MB
CDS: on
 - commit_granule_bytes: 65536.
 - commit_granule_words: 8192.
 - virtual_space_node_default_size: 8388608.
 - enlarge_chunks_in_place: 1.
UseCompressedClassPointers 1, UseCompactObjectHeaders 0
Narrow klass pointer bits 32, Max shift 3
Narrow klass base: 0x0000000020000000, Narrow klass shift: 0
Encoding Range: [0x0000000020000000 - 0x0000000120000000), (4294967296 bytes)
Klass Range:    [0x0000000020010000 - 0x0000000061000000), (1090453504 bytes)
Klass ID Range:  [65536 - 1090519033) (1090453497)
Protection zone: [0x0000000020000000 - 0x0000000020010000), (65536 bytes)


Internal statistics:

num_allocs_failed_limit: 0.
num_arena_births: 130.
num_arena_deaths: 0.
num_vsnodes_births: 2.
num_vsnodes_deaths: 0.
num_space_committed: 254.
num_space_uncommitted: 0.
num_chunks_returned_to_freelist: 0.
num_chunks_taken_from_freelist: 684.
num_chunk_merges: 0.
num_chunk_splits: 467.
num_chunks_enlarged: 380.
num_inconsistent_stats: 0.

CodeHeap 'non-profiled nmethods': size=120064Kb used=1134Kb max_used=1134Kb free=118929Kb
 bounds [0x000002ade72b0000, 0x000002ade7520000, 0x000002adee7f0000]
CodeHeap 'profiled nmethods': size=120064Kb used=5898Kb max_used=5898Kb free=114165Kb
 bounds [0x000002addf7d0000, 0x000002addfda0000, 0x000002ade6d10000]
CodeHeap 'non-nmethods': size=5760Kb used=1408Kb max_used=1459Kb free=4352Kb
 bounds [0x000002ade6d10000, 0x000002ade6f80000, 0x000002ade72b0000]
CodeCache: size=245888Kb, used=8440Kb, max_used=8491Kb, free=237446Kb
 total_blobs=4296, nmethods=3768, adapters=430, full_count=0
Compilation: enabled, stopped_count=0, restarted_count=0

Compilation events (20 events):
Event: 4.929 Thread 0x000002adf393f030 3680       3       java.util.concurrent.ConcurrentHashMap::size (31 bytes)
Event: 4.929 Thread 0x000002adf393f030 nmethod 3680 0x000002addfd62788 code [0x000002addfd62880, 0x000002addfd62b10]
Event: 4.929 Thread 0x000002adf393f030 3679       3       org.apache.maven.model.ModelBase::getModules (23 bytes)
Event: 4.930 Thread 0x000002adf393f030 nmethod 3679 0x000002addfd62b88 code [0x000002addfd62c80, 0x000002addfd63050]
Event: 4.930 Thread 0x000002adf393f030 3681       3       java.util.LinkedHashMap::afterNodeAccess (266 bytes)
Event: 4.930 Thread 0x000002adf393f030 nmethod 3681 0x000002addfd63088 code [0x000002addfd63180, 0x000002addfd63cb8]
Event: 4.930 Thread 0x000002adf393f030 3684       3       java.lang.reflect.Method::isCallerSensitive (38 bytes)
Event: 4.931 Thread 0x000002adf393f030 nmethod 3684 0x000002addfd63d08 code [0x000002addfd63e00, 0x000002addfd645d8]
Event: 4.931 Thread 0x000002adf393f030 3678       1       org.apache.maven.model.BuildBase::getDefaultGoal (5 bytes)
Event: 4.932 Thread 0x000002adf393f030 nmethod 3678 0x000002ade73c7a08 code [0x000002ade73c7b00, 0x000002ade73c7bc8]
Event: 4.932 Thread 0x000002adf393f030 3682       1       org.apache.maven.model.Model::getInceptionYear (5 bytes)
Event: 4.932 Thread 0x000002adf393f030 nmethod 3682 0x000002ade73c7d08 code [0x000002ade73c7e00, 0x000002ade73c7ec8]
Event: 4.932 Thread 0x000002adf393f030 3685       3       org.apache.maven.model.validation.DefaultModelValidator::validateStringNotEmpty (17 bytes)
Event: 4.932 Thread 0x000002adf393f030 nmethod 3685 0x000002addfd64608 code [0x000002addfd64700, 0x000002addfd64880]
Event: 4.932 Thread 0x000002adf3939760 nmethod 3674 0x000002ade73c8008 code [0x000002ade73c8100, 0x000002ade73c85e0]
Event: 4.932 Thread 0x000002adf3939760 3683       4       org.apache.maven.model.ConfigurationContainer::setLocation (156 bytes)
Event: 4.938 Thread 0x000002adf393f030 3686       1       java.util.Collections$EmptySet::isEmpty (2 bytes)
Event: 4.938 Thread 0x000002adf393f030 nmethod 3686 0x000002ade73c8608 code [0x000002ade73c8700, 0x000002ade73c87c8]
Event: 4.947 Thread 0x000002adf393f030 3687       3       java.util.HashSet::<init> (18 bytes)
Event: 4.947 Thread 0x000002adf393f030 nmethod 3687 0x000002addfd64908 code [0x000002addfd64a00, 0x000002addfd64d90]

GC Heap Usage History (2 events):
Event: 3.102 {heap Before GC invocations=0 (full 0):
 garbage-first heap   total reserved 1890304K, committed 120832K, used 49291K [0x000000008ca00000, 0x0000000100000000)
  region size 1024K, 47 young (48128K), 0 survivors (0K)
}
Event: 3.114 {heap After GC invocations=1 (full 0):
 garbage-first heap   total reserved 1890304K, committed 120832K, used 5515K [0x000000008ca00000, 0x0000000100000000)
  region size 1024K, 5 young (5120K), 5 survivors (5120K)
}

Metaspace Usage History (2 events):
Event: 3.102 {metaspace Before GC invocations=0 (full 0):
 Metaspace       used 9441K, committed 9664K, reserved 1114112K
  class space    used 1173K, committed 1280K, reserved 1048576K
}
Event: 3.114 {metaspace After GC invocations=1 (full 0):
 Metaspace       used 9441K, committed 9664K, reserved 1114112K
  class space    used 1173K, committed 1280K, reserved 1048576K
}

Dll operation events (18 events):
Event: 0.022 Attempting to load shared library C:\sts-5.4.0.RELEASE\plugins\org.eclipse.justj.openjdk.hotspot.jre.full.win32.x86_64_25.0.4.v20260826-0822\jre\bin\java.dll
Event: 0.028 Loaded shared library C:\sts-5.4.0.RELEASE\plugins\org.eclipse.justj.openjdk.hotspot.jre.full.win32.x86_64_25.0.4.v20260826-0822\jre\bin\java.dll
Event: 0.116 Attempting to load shared library C:\sts-5.4.0.RELEASE\plugins\org.eclipse.justj.openjdk.hotspot.jre.full.win32.x86_64_25.0.4.v20260826-0822\jre\bin\net.dll
Event: 0.117 Loaded shared library C:\sts-5.4.0.RELEASE\plugins\org.eclipse.justj.openjdk.hotspot.jre.full.win32.x86_64_25.0.4.v20260826-0822\jre\bin\net.dll
Event: 0.123 Attempting to load shared library C:\sts-5.4.0.RELEASE\plugins\org.eclipse.justj.openjdk.hotspot.jre.full.win32.x86_64_25.0.4.v20260826-0822\jre\bin\nio.dll
Event: 0.125 Loaded shared library C:\sts-5.4.0.RELEASE\plugins\org.eclipse.justj.openjdk.hotspot.jre.full.win32.x86_64_25.0.4.v20260826-0822\jre\bin\nio.dll
Event: 0.134 Attempting to load shared library C:\sts-5.4.0.RELEASE\plugins\org.eclipse.justj.openjdk.hotspot.jre.full.win32.x86_64_25.0.4.v20260826-0822\jre\bin\zip.dll
Event: 0.135 Loaded shared library C:\sts-5.4.0.RELEASE\plugins\org.eclipse.justj.openjdk.hotspot.jre.full.win32.x86_64_25.0.4.v20260826-0822\jre\bin\zip.dll
Event: 0.144 Attempting to load shared library C:\sts-5.4.0.RELEASE\plugins\org.eclipse.justj.openjdk.hotspot.jre.full.win32.x86_64_25.0.4.v20260826-0822\jre\bin\zip.dll
Event: 0.144 Loaded shared library C:\sts-5.4.0.RELEASE\plugins\org.eclipse.justj.openjdk.hotspot.jre.full.win32.x86_64_25.0.4.v20260826-0822\jre\bin\zip.dll
Event: 0.405 Attempting to load shared library C:\sts-5.4.0.RELEASE\plugins\org.eclipse.justj.openjdk.hotspot.jre.full.win32.x86_64_25.0.4.v20260826-0822\jre\bin\jimage.dll
Event: 0.405 Loaded shared library C:\sts-5.4.0.RELEASE\plugins\org.eclipse.justj.openjdk.hotspot.jre.full.win32.x86_64_25.0.4.v20260826-0822\jre\bin\jimage.dll
Event: 0.499 Attempting to load shared library C:\Users\ELCOT\AppData\Local\Temp\jansi-2.4.3-e9bd1071ccea562b-jansi.dll
Event: 0.586 Loaded shared library C:\Users\ELCOT\AppData\Local\Temp\jansi-2.4.3-e9bd1071ccea562b-jansi.dll
Event: 2.227 Attempting to load shared library C:\sts-5.4.0.RELEASE\plugins\org.eclipse.justj.openjdk.hotspot.jre.full.win32.x86_64_25.0.4.v20260826-0822\jre\bin\verify.dll
Event: 2.229 Loaded shared library C:\sts-5.4.0.RELEASE\plugins\org.eclipse.justj.openjdk.hotspot.jre.full.win32.x86_64_25.0.4.v20260826-0822\jre\bin\verify.dll
Event: 3.744 Attempting to load shared library C:\sts-5.4.0.RELEASE\plugins\org.eclipse.justj.openjdk.hotspot.jre.full.win32.x86_64_25.0.4.v20260826-0822\jre\bin\extnet.dll
Event: 3.745 Loaded shared library C:\sts-5.4.0.RELEASE\plugins\org.eclipse.justj.openjdk.hotspot.jre.full.win32.x86_64_25.0.4.v20260826-0822\jre\bin\extnet.dll

Deoptimization events (20 events):
Event: 4.480 Thread 0x000002add969cf50 Uncommon trap: trap_request=0xffffff45 fr.pc=0x000002ade72b4fc0 relative=0x0000000000000140
Event: 4.480 Thread 0x000002add969cf50 Uncommon trap: reason=unstable_if action=reinterpret pc=0x000002ade72b4fc0 method=java.lang.String.indexOf(I)I @ 4 c2
Event: 4.480 Thread 0x000002add969cf50 DEOPT PACKING pc=0x000002ade72b4fc0 sp=0x000000eb37bfdc80
Event: 4.480 Thread 0x000002add969cf50 DEOPT UNPACKING pc=0x000002ade6e2f582 sp=0x000000eb37bfdc20 mode 2
Event: 4.480 Thread 0x000002add969cf50 Uncommon trap: trap_request=0xffffff45 fr.pc=0x000002ade72e42fc relative=0x000000000000057c
Event: 4.480 Thread 0x000002add969cf50 Uncommon trap: reason=unstable_if action=reinterpret pc=0x000002ade72e42fc method=java.lang.String.substring(II)Ljava/lang/String; @ 31 c2
Event: 4.480 Thread 0x000002add969cf50 DEOPT PACKING pc=0x000002ade72e42fc sp=0x000000eb37bfdc20
Event: 4.480 Thread 0x000002add969cf50 DEOPT UNPACKING pc=0x000002ade6e2f582 sp=0x000000eb37bfdbf0 mode 2
Event: 4.620 Thread 0x000002add969cf50 DEOPT PACKING pc=0x000002addf8707c6 sp=0x000000eb37bfddb0
Event: 4.620 Thread 0x000002add969cf50 DEOPT UNPACKING pc=0x000002ade6d61702 sp=0x000000eb37bfd2b0 mode 0
Event: 4.686 Thread 0x000002add969cf50 Uncommon trap: trap_request=0xffffff45 fr.pc=0x000002ade739fb80 relative=0x0000000000000080
Event: 4.686 Thread 0x000002add969cf50 Uncommon trap: reason=unstable_if action=reinterpret pc=0x000002ade739fb80 method=org.apache.maven.model.validation.DefaultModelValidator.isValidIdCharacter(C)Z @ 51 c2
Event: 4.686 Thread 0x000002add969cf50 DEOPT PACKING pc=0x000002ade739fb80 sp=0x000000eb37bfdf50
Event: 4.686 Thread 0x000002add969cf50 DEOPT UNPACKING pc=0x000002ade6e2f582 sp=0x000000eb37bfdee8 mode 2
Event: 4.843 Thread 0x000002add969cf50 DEOPT PACKING pc=0x000002addf9b0c39 sp=0x000000eb37bfdab0
Event: 4.843 Thread 0x000002add969cf50 DEOPT UNPACKING pc=0x000002ade6d61702 sp=0x000000eb37bfcf78 mode 0
Event: 4.899 Thread 0x000002add969cf50 DEOPT PACKING pc=0x000002addfcc81a8 sp=0x000000eb37bfd920
Event: 4.899 Thread 0x000002add969cf50 DEOPT UNPACKING pc=0x000002ade6d61702 sp=0x000000eb37bfcd90 mode 0
Event: 4.955 Thread 0x000002add969cf50 DEOPT PACKING pc=0x000002addfc7544c sp=0x000000eb37bfc6d0
Event: 4.955 Thread 0x000002add969cf50 DEOPT UNPACKING pc=0x000002ade6d61702 sp=0x000000eb37bfbc28 mode 0

Classes loaded (20 events):
Event: 4.196 Loading class java/lang/invoke/ClassSpecializer$Factory$1
Event: 4.196 Loading class java/lang/invoke/ClassSpecializer$Factory$1 done
Event: 4.196 Loading class java/lang/invoke/ClassSpecializer$Factory$1$1
Event: 4.196 Loading class java/lang/invoke/ClassSpecializer$Factory$1$1 done
Event: 4.196 Loading class java/lang/invoke/ClassSpecializer$Factory$1$1Var
Event: 4.196 Loading class java/lang/invoke/ClassSpecializer$Factory$1$1Var done
Event: 4.197 Loading class java/lang/invoke/ClassSpecializer$Factory$1$2
Event: 4.197 Loading class java/lang/invoke/ClassSpecializer$Factory$1$2 done
Event: 4.197 Loading class java/lang/invoke/ClassSpecializer$Factory$1$3
Event: 4.197 Loading class java/lang/invoke/ClassSpecializer$Factory$1$3 done
Event: 4.197 Loading class java/lang/invoke/ClassSpecializer$Factory$1$4
Event: 4.197 Loading class java/lang/invoke/ClassSpecializer$Factory$1$4 done
Event: 4.197 Loading class java/lang/invoke/ClassSpecializer$Factory$1$5
Event: 4.197 Loading class java/lang/invoke/ClassSpecializer$Factory$1$5 done
Event: 4.198 Loading class java/lang/invoke/ClassSpecializer$Factory$1$5$1
Event: 4.198 Loading class java/lang/invoke/ClassSpecializer$Factory$1$5$1 done
Event: 4.298 Loading class java/util/stream/Streams$RangeIntSpliterator
Event: 4.298 Loading class java/util/stream/Streams$RangeIntSpliterator done
Event: 4.766 Loading class jdk/internal/event/SocketWriteEvent
Event: 4.766 Loading class jdk/internal/event/SocketWriteEvent done

Classes unloaded (0 events):
No events

Classes redefined (0 events):
No events

Internal exceptions (20 events):
Event: 1.790 Thread 0x000002add969cf50 Exception <a 'java/lang/NoSuchMethodError'{0x0000000092c4a0e8}: 'java.lang.Object java.lang.invoke.DirectMethodHandle$Holder.newInvokeSpecial(java.lang.Object, java.lang.Object, java.lang.Object, java.lang.Object, java.lang.Object)'> (0x0000000092c4a0e8) 
thrown [s\src\hotspot\share\interpreter\linkResolver.cpp, line 804]
Event: 1.865 Thread 0x000002add969cf50 Exception <a 'java/lang/NoSuchMethodError'{0x0000000092b5a1f0}: 'int java.lang.invoke.DirectMethodHandle$Holder.invokeStaticInit(java.lang.Object, java.lang.Object)'> (0x0000000092b5a1f0) 
thrown [s\src\hotspot\share\interpreter\linkResolver.cpp, line 804]
Event: 1.882 Thread 0x000002add969cf50 Exception <a 'java/lang/NoClassDefFoundError'{0x0000000092b94620}: javax/enterprise/inject/Typed> (0x0000000092b94620) 
thrown [s\src\hotspot\share\classfile\systemDictionary.cpp, line 317]
Event: 3.341 Thread 0x000002add969cf50 Exception <a 'java/lang/NoSuchMethodError'{0x000000009381b720}: 'void java.lang.invoke.DirectMethodHandle$Holder.invokeStaticInit(java.lang.Object, java.lang.Object, java.lang.Object)'> (0x000000009381b720) 
thrown [s\src\hotspot\share\interpreter\linkResolver.cpp, line 804]
Event: 3.359 Thread 0x000002add969cf50 Implicit null exception at 0x000002ade7331c1d to 0x000002ade7331dac
Event: 3.362 Thread 0x000002add969cf50 Exception <a 'java/lang/NoSuchMethodError'{0x00000000938a4340}: 'java.lang.Object java.lang.invoke.Invokers$Holder.invokeExact_MT(java.lang.Object, int, java.lang.Object)'> (0x00000000938a4340) 
thrown [s\src\hotspot\share\interpreter\linkResolver.cpp, line 804]
Event: 3.682 Thread 0x000002add969cf50 Exception <a 'java/lang/NoSuchMethodError'{0x000000009309cdf0}: 'void java.lang.invoke.Invokers$Holder.invokeExact_MT(java.lang.Object, java.lang.Object, java.lang.Object, java.lang.Object)'> (0x000000009309cdf0) 
thrown [s\src\hotspot\share\interpreter\linkResolver.cpp, line 804]
Event: 3.712 Thread 0x000002add969cf50 Exception <a 'java/lang/NoClassDefFoundError'{0x0000000092f17a38}: com/google/inject/servlet/ServletModuleTargetVisitor> (0x0000000092f17a38) 
thrown [s\src\hotspot\share\classfile\systemDictionary.cpp, line 317]
Event: 3.891 Thread 0x000002add969cf50 Exception <a 'java/lang/NoSuchMethodError'{0x0000000092d9f8a8}: 'java.lang.Object java.lang.invoke.DirectMethodHandle$Holder.invokeStaticInit(java.lang.Object, int, int, int, int)'> (0x0000000092d9f8a8) 
thrown [s\src\hotspot\share\interpreter\linkResolver.cpp, line 804]
Event: 4.031 Thread 0x000002add969cf50 Implicit null exception at 0x000002ade731c636 to 0x000002ade731d00c
Event: 4.031 Thread 0x000002add969cf50 Implicit null exception at 0x000002ade72e74b6 to 0x000002ade72e7e98
Event: 4.100 Thread 0x000002add969cf50 Exception <a 'java/lang/NoSuchMethodError'{0x00000000929e1250}: 'void java.lang.invoke.DirectMethodHandle$Holder.invokeSpecial(java.lang.Object, java.lang.Object, java.lang.Object, java.lang.Object, java.lang.Object, java.lang.Object)'> (0x00000000929e1250) 
thrown [s\src\hotspot\share\interpreter\linkResolver.cpp, line 804]
Event: 4.121 Thread 0x000002add969cf50 Exception <a 'java/lang/NoSuchMethodError'{0x00000000928e3840}: 'java.lang.Object java.lang.invoke.DirectMethodHandle$Holder.invokeVirtual(java.lang.Object, java.lang.Object, java.lang.Object)'> (0x00000000928e3840) 
thrown [s\src\hotspot\share\interpreter\linkResolver.cpp, line 804]
Event: 4.194 Thread 0x000002add969cf50 Exception <a 'java/lang/NoSuchMethodError'{0x0000000092502758}: 'void java.lang.invoke.DirectMethodHandle$Holder.invokeVirtual(java.lang.Object, java.lang.Object, int)'> (0x0000000092502758) 
thrown [s\src\hotspot\share\interpreter\linkResolver.cpp, line 804]
Event: 4.199 Thread 0x000002add969cf50 Exception <a 'java/lang/NoSuchMethodError'{0x000000009251b658}: 'java.lang.Object java.lang.invoke.DirectMethodHandle$Holder.invokeStatic(java.lang.Object, java.lang.Object, java.lang.Object, java.lang.Object, int)'> (0x000000009251b658) 
thrown [s\src\hotspot\share\interpreter\linkResolver.cpp, line 804]
Event: 4.201 Thread 0x000002add969cf50 Exception <a 'java/lang/NoSuchMethodError'{0x000000009252cd88}: 'void java.lang.invoke.DirectMethodHandle$Holder.invokeSpecial(java.lang.Object, java.lang.Object, java.lang.Object, int)'> (0x000000009252cd88) 
thrown [s\src\hotspot\share\interpreter\linkResolver.cpp, line 804]
Event: 4.202 Thread 0x000002add969cf50 Exception <a 'java/lang/NoSuchMethodError'{0x0000000092535120}: 'void java.lang.invoke.DelegatingMethodHandle$Holder.reinvoke_L(java.lang.Object, java.lang.Object, int)'> (0x0000000092535120) 
thrown [s\src\hotspot\share\interpreter\linkResolver.cpp, line 804]
Event: 4.900 Thread 0x000002add969cf50 Exception <a 'java/lang/NoSuchMethodError'{0x00000000909d3518}: 'void java.lang.invoke.DirectMethodHandle$Holder.invokeStatic(java.lang.Object, java.lang.Object, java.lang.Object, java.lang.Object)'> (0x00000000909d3518) 
thrown [s\src\hotspot\share\interpreter\linkResolver.cpp, line 804]
Event: 4.905 Thread 0x000002add969cf50 Exception <a 'java/lang/NoSuchMethodError'{0x00000000909fdfb0}: 'int java.lang.invoke.DirectMethodHandle$Holder.invokeSpecialIFC(java.lang.Object, java.lang.Object, java.lang.Object, java.lang.Object)'> (0x00000000909fdfb0) 
thrown [s\src\hotspot\share\interpreter\linkResolver.cpp, line 804]
Event: 4.913 Thread 0x000002add969cf50 Exception <a 'java/lang/NoSuchMethodError'{0x00000000908305f0}: 'java.lang.Object java.lang.invoke.DirectMethodHandle$Holder.newInvokeSpecial(java.lang.Object, java.lang.Object, java.lang.Object, java.lang.Object, java.lang.Object, java.lang.Object, java.lang.Object)'> (0x00000000908305f0) 
thrown [s\src\hotspot\share\interpreter\linkResolver.cpp, line 804]

VM Operations (20 events):
Event: 3.346 Executing non-safepoint VM operation: HandshakeAllThreads (Deoptimize)
Event: 3.346 Executing non-safepoint VM operation: HandshakeAllThreads (Deoptimize) done
Event: 3.407 Executing non-safepoint VM operation: HandshakeAllThreads (Deoptimize)
Event: 3.407 Executing non-safepoint VM operation: HandshakeAllThreads (Deoptimize) done
Event: 3.410 Executing non-safepoint VM operation: HandshakeAllThreads (Deoptimize)
Event: 3.410 Executing non-safepoint VM operation: HandshakeAllThreads (Deoptimize) done
Event: 3.481 Executing non-safepoint VM operation: HandshakeAllThreads (Deoptimize)
Event: 3.481 Executing non-safepoint VM operation: HandshakeAllThreads (Deoptimize) done
Event: 3.673 Executing non-safepoint VM operation: HandshakeAllThreads (Deoptimize)
Event: 3.673 Executing non-safepoint VM operation: HandshakeAllThreads (Deoptimize) done
Event: 3.726 Executing non-safepoint VM operation: HandshakeAllThreads (Deoptimize)
Event: 3.726 Executing non-safepoint VM operation: HandshakeAllThreads (Deoptimize) done
Event: 3.732 Executing non-safepoint VM operation: HandshakeAllThreads (Deoptimize)
Event: 3.732 Executing non-safepoint VM operation: HandshakeAllThreads (Deoptimize) done
Event: 3.833 Executing non-safepoint VM operation: HandshakeAllThreads (Deoptimize)
Event: 3.833 Executing non-safepoint VM operation: HandshakeAllThreads (Deoptimize) done
Event: 3.875 Executing non-safepoint VM operation: HandshakeAllThreads (Deoptimize)
Event: 3.876 Executing non-safepoint VM operation: HandshakeAllThreads (Deoptimize) done
Event: 3.903 Executing non-safepoint VM operation: HandshakeAllThreads (Deoptimize)
Event: 3.903 Executing non-safepoint VM operation: HandshakeAllThreads (Deoptimize) done

Memory protections (0 events):
No events

Nmethod flushes (0 events):
No events

Events (16 events):
Event: 0.061 Thread 0x000002add969cf50 Thread added: 0x000002add969cf50
Event: 0.068 Thread 0x000002add969cf50 JVMTI - enter early start phase
Event: 0.091 Thread 0x000002add969cf50 Thread added: 0x000002adf3922180
Event: 0.091 Thread 0x000002add969cf50 Thread added: 0x000002adf3923600
Event: 0.092 Thread 0x000002add969cf50 Thread added: 0x000002adf3926dd0
Event: 0.093 Thread 0x000002add969cf50 Thread added: 0x000002adf3927990
Event: 0.093 Thread 0x000002add969cf50 Thread added: 0x000002adf3929d60
Event: 0.093 Thread 0x000002add969cf50 Thread added: 0x000002adf392e040
Event: 0.094 Thread 0x000002add969cf50 Thread added: 0x000002adf3939760
Event: 0.094 Thread 0x000002add969cf50 Thread added: 0x000002adf393f030
Event: 0.105 Thread 0x000002add969cf50 JVMTI - enter start phase
Event: 0.106 Thread 0x000002add969cf50 JVMTI - enter live phase
Event: 0.106 Thread 0x000002add969cf50 Thread added: 0x000002adf39eee50
Event: 0.110 Thread 0x000002add969cf50 Thread added: 0x000002adf39fd8c0
Event: 0.399 Thread 0x000002add969cf50 Thread added: 0x000002adf3d39530
Event: 0.422 Thread 0x000002adf3d39530 Thread exited: 0x000002adf3d39530


Dynamic libraries:
0x00007ff6a4610000 - 0x00007ff6a461e000 	C:\sts-5.4.0.RELEASE\plugins\org.eclipse.justj.openjdk.hotspot.jre.full.win32.x86_64_25.0.4.v20260826-0822\jre\bin\javaw.exe
0x00007ffdee4e0000 - 0x00007ffdee747000 	C:\windows\SYSTEM32\ntdll.dll
0x00007ffddd710000 - 0x00007ffddd731000 	C:\Program Files\AVG\Antivirus\aswhook.dll
0x00007ffded520000 - 0x00007ffded5eb000 	C:\windows\System32\KERNEL32.DLL
0x00007ffdeb870000 - 0x00007ffdebc72000 	C:\windows\System32\KERNELBASE.dll
0x00007ffdeb6e0000 - 0x00007ffdeb82c000 	C:\windows\System32\ucrtbase.dll
0x00007ffdab6b0000 - 0x00007ffdab6ce000 	C:\sts-5.4.0.RELEASE\plugins\org.eclipse.justj.openjdk.hotspot.jre.full.win32.x86_64_25.0.4.v20260826-0822\jre\bin\VCRUNTIME140.dll
0x00007ffdbea00000 - 0x00007ffdbea16000 	C:\sts-5.4.0.RELEASE\plugins\org.eclipse.justj.openjdk.hotspot.jre.full.win32.x86_64_25.0.4.v20260826-0822\jre\bin\jli.dll
0x00007ffded100000 - 0x00007ffded2cf000 	C:\windows\System32\USER32.dll
0x00007ffdc8ad0000 - 0x00007ffdc8d60000 	C:\windows\WinSxS\amd64_microsoft.windows.common-controls_6595b64144ccf1df_6.0.26100.9278_none_3e0d1ba8e3303201\COMCTL32.dll
0x00007ffdeb840000 - 0x00007ffdeb867000 	C:\windows\System32\win32u.dll
0x00007ffded8a0000 - 0x00007ffded8cb000 	C:\windows\System32\GDI32.dll
0x00007ffded9a0000 - 0x00007ffdeda49000 	C:\windows\System32\msvcrt.dll
0x00007ffdec040000 - 0x00007ffdec169000 	C:\windows\System32\gdi32full.dll
0x00007ffdebf90000 - 0x00007ffdec033000 	C:\windows\System32\msvcp_win.dll
0x00007ffdecb20000 - 0x00007ffdecb51000 	C:\windows\System32\IMM32.DLL
0x00007ffdbf1f0000 - 0x00007ffdbf1fc000 	C:\sts-5.4.0.RELEASE\plugins\org.eclipse.justj.openjdk.hotspot.jre.full.win32.x86_64_25.0.4.v20260826-0822\jre\bin\vcruntime140_1.dll
0x00007ffdd1f90000 - 0x00007ffdd201d000 	C:\sts-5.4.0.RELEASE\plugins\org.eclipse.justj.openjdk.hotspot.jre.full.win32.x86_64_25.0.4.v20260826-0822\jre\bin\msvcp140.dll
0x00007ffd3ad90000 - 0x00007ffd3bcc1000 	C:\sts-5.4.0.RELEASE\plugins\org.eclipse.justj.openjdk.hotspot.jre.full.win32.x86_64_25.0.4.v20260826-0822\jre\bin\server\jvm.dll
0x00007ffded8d0000 - 0x00007ffded98c000 	C:\windows\System32\ADVAPI32.dll
0x00007ffded470000 - 0x00007ffded519000 	C:\windows\System32\sechost.dll
0x00007ffded700000 - 0x00007ffded818000 	C:\windows\System32\RPCRT4.dll
0x00007ffdecfa0000 - 0x00007ffded020000 	C:\windows\System32\WS2_32.dll
0x00007ffde42d0000 - 0x00007ffde42db000 	C:\windows\SYSTEM32\VERSION.dll
0x00007ffdde370000 - 0x00007ffdde3a6000 	C:\windows\SYSTEM32\WINMM.dll
0x00007ffdeb540000 - 0x00007ffdeb59e000 	C:\windows\SYSTEM32\POWRPROF.dll
0x00007ffdeb520000 - 0x00007ffdeb535000 	C:\windows\SYSTEM32\UMPDC.dll
0x00007ffdea3b0000 - 0x00007ffdea3cb000 	C:\windows\SYSTEM32\kernel.appcore.dll
0x00007ffde2170000 - 0x00007ffde217a000 	C:\sts-5.4.0.RELEASE\plugins\org.eclipse.justj.openjdk.hotspot.jre.full.win32.x86_64_25.0.4.v20260826-0822\jre\bin\jimage.dll
0x00007ffde8b90000 - 0x00007ffde8ddc000 	C:\windows\SYSTEM32\DBGHELP.DLL
0x00007ffdec6b0000 - 0x00007ffdeca35000 	C:\windows\System32\combase.dll
0x00007ffdeca40000 - 0x00007ffdecb19000 	C:\windows\System32\OLEAUT32.dll
0x00007ffddd960000 - 0x00007ffddd99b000 	C:\windows\SYSTEM32\dbgcore.DLL
0x00007ffdebed0000 - 0x00007ffdebf7c000 	C:\windows\System32\bcryptPrimitives.dll
0x00007ffdbea70000 - 0x00007ffdbea8e000 	C:\sts-5.4.0.RELEASE\plugins\org.eclipse.justj.openjdk.hotspot.jre.full.win32.x86_64_25.0.4.v20260826-0822\jre\bin\java.dll
0x00007ffdecd00000 - 0x00007ffdece9a000 	C:\windows\System32\ole32.dll
0x00007ffdedcf0000 - 0x00007ffdee488000 	C:\windows\System32\SHELL32.dll
0x00007ffde9140000 - 0x00007ffde99ee000 	C:\windows\SYSTEM32\windows.storage.dll
0x00007ffded600000 - 0x00007ffded6fb000 	C:\windows\System32\SHCORE.dll
0x00007ffded030000 - 0x00007ffded096000 	C:\windows\System32\shlwapi.dll
0x00007ffdeb600000 - 0x00007ffdeb629000 	C:\windows\SYSTEM32\profapi.dll
0x00007ffdbea50000 - 0x00007ffdbea61000 	C:\sts-5.4.0.RELEASE\plugins\org.eclipse.justj.openjdk.hotspot.jre.full.win32.x86_64_25.0.4.v20260826-0822\jre\bin\net.dll
0x00007ffdea970000 - 0x00007ffdea9dc000 	C:\windows\system32\mswsock.dll
0x00007ffdbea30000 - 0x00007ffdbea46000 	C:\sts-5.4.0.RELEASE\plugins\org.eclipse.justj.openjdk.hotspot.jre.full.win32.x86_64_25.0.4.v20260826-0822\jre\bin\nio.dll
0x00007ffdbe6d0000 - 0x00007ffdbe6e6000 	C:\sts-5.4.0.RELEASE\plugins\org.eclipse.justj.openjdk.hotspot.jre.full.win32.x86_64_25.0.4.v20260826-0822\jre\bin\zip.dll
0x00007ffdcca30000 - 0x00007ffdcca54000 	C:\Users\ELCOT\AppData\Local\Temp\jansi-2.4.3-e9bd1071ccea562b-jansi.dll
0x00007ffdd1eb0000 - 0x00007ffdd1ec0000 	C:\sts-5.4.0.RELEASE\plugins\org.eclipse.justj.openjdk.hotspot.jre.full.win32.x86_64_25.0.4.v20260826-0822\jre\bin\verify.dll
0x00007ffde9db0000 - 0x00007ffde9de3000 	C:\windows\SYSTEM32\IPHLPAPI.DLL
0x00007ffded300000 - 0x00007ffded30a000 	C:\windows\System32\NSI.dll
0x00007ffdd3420000 - 0x00007ffdd3429000 	C:\sts-5.4.0.RELEASE\plugins\org.eclipse.justj.openjdk.hotspot.jre.full.win32.x86_64_25.0.4.v20260826-0822\jre\bin\extnet.dll

JVMTI agents: none

dbghelp: loaded successfully - version: 4.0.5 - missing functions: none
symbol engine: initialized successfully - sym options: 0x614 - pdb path: .;C:\sts-5.4.0.RELEASE\plugins\org.eclipse.justj.openjdk.hotspot.jre.full.win32.x86_64_25.0.4.v20260826-0822\jre\bin;C:\windows\SYSTEM32;C:\Program Files\AVG\Antivirus;C:\windows\WinSxS\amd64_microsoft.windows.common-controls_6595b64144ccf1df_6.0.26100.9278_none_3e0d1ba8e3303201;C:\sts-5.4.0.RELEASE\plugins\org.eclipse.justj.openjdk.hotspot.jre.full.win32.x86_64_25.0.4.v20260826-0822\jre\bin\server;C:\Users\ELCOT\AppData\Local\Temp

VM Arguments:
jvm_args: -Dmaven.home=EMBEDDED -Dclassworlds.conf=C:\Users\ELCOT\Documents\workspace-spring-tools-for-eclipse-5.4.0.RELEASE\.metadata\.plugins\org.eclipse.m2e.launching\launches\m2conf6996824669649174904.tmp -Dmaven.multiModuleProjectDirectory=D:\DEPLOY\backend -Dm2e.build.project.data.socket.port=60173 -Dfile.encoding=UTF-8 -Dstdout.encoding=UTF-8 -Dstderr.encoding=UTF-8 -XX:+ShowCodeDetailsInExceptionMessages 
java_command: org.codehaus.plexus.classworlds.launcher.Launcher -B -Dstyle.color=always clean
java_class_path (initial): C:\sts-5.4.0.RELEASE\plugins\org.eclipse.m2e.maven.runtime_3.9.1601.20260722-2149\jars\plexus-classworlds-2.11.0.jar
Launcher Type: SUN_STANDARD

[Global flags]
     intx CICompilerCount                          = 4                                         {product} {ergonomic}
     uint ConcGCThreads                            = 2                                         {product} {ergonomic}
     uint G1ConcRefinementThreads                  = 8                                         {product} {ergonomic}
   size_t G1HeapRegionSize                         = 1048576                                   {product} {ergonomic}
   size_t InitialHeapSize                          = 121634816                                 {product} {ergonomic}
   size_t MarkStackSize                            = 4194304                                   {product} {ergonomic}
   size_t MarkStackSizeMax                         = 536870912                                 {product} {ergonomic}
   size_t MaxHeapSize                              = 1935671296                                {product} {ergonomic}
   size_t MaxNewSize                               = 1160773632                                {product} {ergonomic}
   size_t MinHeapDeltaBytes                        = 1048576                                   {product} {ergonomic}
   size_t MinHeapSize                              = 8388608                                   {product} {ergonomic}
    uintx NonNMethodCodeHeapSize                   = 5898240                                {pd product} {ergonomic}
    uintx NonProfiledCodeHeapSize                  = 122945536                              {pd product} {ergonomic}
    uintx ProfiledCodeHeapSize                     = 122945536                              {pd product} {ergonomic}
    uintx ReservedCodeCacheSize                    = 251789312                              {pd product} {ergonomic}
     bool SegmentedCodeCache                       = true                                      {product} {ergonomic}
     bool ShowCodeDetailsInExceptionMessages       = true                                   {manageable} {command line}
   size_t SoftMaxHeapSize                          = 1935671296                             {manageable} {ergonomic}
     bool UseCompressedOops                        = true                           {product lp64_product} {ergonomic}
     bool UseG1GC                                  = true                                      {product} {ergonomic}
     bool UseLargePagesIndividualAllocation        = false                                  {pd product} {ergonomic}

Logging:
Log output configuration:
 #0: stdout all=warning uptime,level,tags foldmultilines=false
 #1: stderr all=off uptime,level,tags foldmultilines=false

Release file:
JAVA_VERSION="25.0.4.1" 
MODULES="java.base java.compiler java.datatransfer java.xml java.prefs java.desktop java.instrument java.logging java.management java.security.sasl java.naming java.rmi java.management.rmi java.net.http java.scripting java.security.jgss java.transaction.xa java.sql java.sql.rowset java.xml.crypto java.se java.smartcardio jdk.accessibility jdk.internal.jvmstat jdk.attach jdk.charsets jdk.internal.opt jdk.zipfs jdk.compiler jdk.crypto.cryptoki jdk.crypto.ec jdk.crypto.mscapi jdk.dynalink jdk.internal.ed jdk.editpad jdk.internal.vm.ci jdk.graal.compiler jdk.graal.compiler.management jdk.hotspot.agent jdk.httpserver jdk.internal.le jdk.internal.md jdk.jartool jdk.javadoc jdk.jcmd jdk.management jdk.management.agent jdk.jconsole jdk.jdeps jdk.jdwp.agent jdk.jdi jdk.jfr jdk.jshell jdk.jsobject jdk.jstatd jdk.localedata jdk.management.jfr jdk.naming.dns jdk.naming.rmi jdk.net jdk.nio.mapmode jdk.sctp jdk.security.auth jdk.security.jgss jdk.unsupported jdk.unsupported.desktop jdk.xml.dom" 

Environment Variables:
PATH=C:/sts-5.4.0.RELEASE//plugins/org.eclipse.justj.openjdk.hotspot.jre.full.win32.x86_64_25.0.4.v20260826-0822/jre/bin/server;C:/sts-5.4.0.RELEASE//plugins/org.eclipse.justj.openjdk.hotspot.jre.full.win32.x86_64_25.0.4.v20260826-0822/jre/bin;C:\Program Files\Common Files\Oracle\Java\javapath;C:\windows\system32;C:\windows;C:\windows\System32\Wbem;C:\windows\System32\WindowsPowerShell\v1.0\;C:\windows\System32\OpenSSH\;C:\Program Files\dotnet\;C:\Program Files\nodejs\;C:\Program Files\MySQL\MySQL Shell 8.0\bin\;C:\Users\ELCOT\AppData\Local\Microsoft\WindowsApps;C:\Users\ELCOT\AppData\Local\Programs\Microsoft VS Code\bin;C:\Users\ELCOT\AppData\Roaming\npm;C:\Program Files\MySQL\MySQL Server 8.0\bin;D:\apache-maven\apache-maven-3.9.6\bin;C:\Users\ELCOT\AppData\Local\Programs\Antigravity IDE\bin;C:\sts-5.4.0.RELEASE;
USERNAME=ELCOT
OS=Windows_NT
PROCESSOR_IDENTIFIER=AMD64 Family 23 Model 160 Stepping 0, AuthenticAMD
TMP=C:\Users\ELCOT\AppData\Local\Temp
TEMP=C:\Users\ELCOT\AppData\Local\Temp




Compilation memory statistics disabled.

Periodic native trim disabled

---------------  S Y S T E M  ---------------

OS:
 Windows 11 , 64 bit Build 26100 (10.0.26100.9444)
OS uptime: 0 days 5:59 hours
Hyper-V role detected

CPU: total 8 (initial active 8) (8 cores per cpu, 2 threads per core) family 23 model 160 stepping 0 microcode 0x8a0000b, cx8, cmov, fxsr, ht, mmx, 3dnowpref, sse, sse2, sse3, ssse3, sse4a, sse4.1, sse4.2, popcnt, lzcnt, tsc, tscinvbit, avx, avx2, aes, clmul, bmi1, bmi2, adx, sha, fma, vzeroupper, clflush, clflushopt, clwb, hv, rdtscp, rdpid, f16c
Processor Information for the first 8 processors :
  Max Mhz: 2401, Current Mhz: 2401, Mhz Limit: 2401

Memory: 4k page, system-wide physical 7379M (219M free)
TotalPageFile size 20316M (AvailPageFile size 0M)
current process WorkingSet (physical memory assigned to process): 150M, peak: 150M
current process commit charge ("private bytes"): 241M, peak: 245M

vm_info: OpenJDK 64-Bit Server VM (25.0.4.1+1-LTS) for windows-amd64 JRE (25.0.4.1+1-LTS), built on 2026-08-18T00:00:00Z with MS VC++ 17.12 (VS2022)

END.
